<html>
<body>
<pre>
<h1>µVision Build Log</h1>
<h2>Tool Versions:</h2>
IDE-Version: µVision V5.26.2.0
Copyright (C) 2018 ARM Ltd and ARM Germany GmbH. All rights reserved.
License Information: Loreto Usuario, HP Inc., LIC=----
 
Tool Versions:
Toolchain:       MDK-Lite  Version: 5.26.2.0
Toolchain Path:  C:\Keil_v5\ARM\ARMCC\Bin
C Compiler:      Armcc.exe V5.06 update 6 (build 750)
Assembler:       Armasm.exe V5.06 update 6 (build 750)
Linker/Locator:  ArmLink.exe V5.06 update 6 (build 750)
Library Manager: ArmAr.exe V5.06 update 6 (build 750)
Hex Converter:   FromElf.exe V5.06 update 6 (build 750)
CPU DLL:         SARM.DLL V5.26.2.0
Dialog DLL:      DARMP.DLL V1.53.0.0
Target DLL:      UL2ARM.DLL V1.74.10.0
Dialog DLL:      TARMP.DLL V1.53.0.0
 
<h2>Project:</h2>
C:\Users\Usuario\Documents\GitHub\PH\p1_2022\conecta4_2022.uvproj
Project File Date:  10/11/2022

<h2>Output:</h2>
*** Using Compiler 'V5.06 update 6 (build 750)', folder: 'C:\Keil_v5\ARM\ARMCC\Bin'
Build target 'Target 1'
compiling conecta4_2022.c...
tableros.h(7): warning:  #177-D: variable "cuadricula_1"  was declared but never referenced
  cuadricula_1[7][8] =
tableros.h(20): warning:  #177-D: variable "cuadricula_color"  was declared but never referenced
  cuadricula_color[7][8] =
tableros.h(31): warning:  #177-D: variable "cuadricula_columna"  was declared but never referenced
  cuadricula_columna[7][8] =
tableros.h(42): warning:  #177-D: variable "cuadricula_fila"  was declared but never referenced
  cuadricula_fila[7][8] =
tableros.h(54): warning:  #177-D: variable "cuadricula_victoria_di"  was declared but never referenced
  cuadricula_victoria_di[7][8] =
tableros.h(66): warning:  #177-D: variable "cuadricula_victoria_dd"  was declared but never referenced
  cuadricula_victoria_dd[7][8] =
conecta4_2022.c: 6 warnings, 0 errors
linking...
Program Size: Code=1944 RO-data=32 RW-data=408 ZI-data=1256  
".\Objects\conecta4_2022.axf" - 0 Error(s), 6 Warning(s).
Build Time Elapsed:  00:00:01
</pre>
</body>
</html>
