<html>
<body>
<pre>
<h1>µVision Build Log</h1>
<h2>Tool Versions:</h2>
IDE-Version: µVision V5.26.2.0
Copyright (C) 2018 ARM Ltd and ARM Germany GmbH. All rights reserved.
License Information: Loreto Usuario, HP Inc., LIC=----
 
Tool Versions:
Toolchain:       MDK-Lite  Version: 5.26.2.0
Toolchain Path:  C:\Keil_v5\ARM\ARMCC\Bin
C Compiler:      Armcc.exe V5.06 update 6 (build 750)
Assembler:       Armasm.exe V5.06 update 6 (build 750)
Linker/Locator:  ArmLink.exe V5.06 update 6 (build 750)
Library Manager: ArmAr.exe V5.06 update 6 (build 750)
Hex Converter:   FromElf.exe V5.06 update 6 (build 750)
CPU DLL:         SARM.DLL V5.26.2.0
Dialog DLL:      DARMP.DLL V1.53.0.0
Target DLL:      UL2ARM.DLL V1.74.10.0
Dialog DLL:      TARMP.DLL V1.53.0.0
 
<h2>Project:</h2>
C:\Users\Usuario\Documents\GitHub\PH\keil_reversi\keil_reversi.uvproj
Project File Date:  12/20/2022

<h2>Output:</h2>
*** Using Compiler 'V5.06 update 6 (build 750)', folder: 'C:\Keil_v5\ARM\ARMCC\Bin'
Rebuild target 'Simulator'
compiling Retarget.c...
assembling Startup.s...
compiling timer.c...
compiling main.c...
compiling cola_asyn.c...
compiling G_Alarm.c...
compiling planificador.c...
compiling gpio.c...
compiling G_Boton.c...
compiling power.c...
compiling entrada.c...
compiling G_Power.c...
compiling botones.c...
compiling conecta4_2022.c...
compiling pruebas.c...
assembling SWI.s...
compiling RTC.c...
assembling conecta4_2022_arm.s...
compiling Uart0.c...
compiling G_IO.c...
compiling g_serie.c...
compiling WD.c...
linking...
.\keil_reversi.axf: Warning: L6305W: Image does not have an entry point. (Not specified or not set due to multiple choices.)
Program Size: Code=12140 RO-data=276 RW-data=208 ZI-data=6784  
Finished: 0 information, 1 warning and 0 error messages.
".\keil_reversi.axf" - 0 Error(s), 1 Warning(s).
Build Time Elapsed:  00:00:01
</pre>
</body>
</html>
